#-----------------------------------------------------------
# Vivado v2020.2 (64-bit)
# SW Build 3064766 on Wed Nov 18 09:12:45 MST 2020
# IP Build 3064653 on Wed Nov 18 14:17:31 MST 2020
# Start of session at: Tue Mar 16 21:42:18 2021
# Process ID: 15704
# Current directory: E:/class/Master of ANU/6213_Digital Systems and Microprocessors/my_6213/lab1/mux_with_delays
# Command line: vivado.exe -gui_launcher_event rodinguilauncherevent7256 E:\class\Master of ANU\6213_Digital Systems and Microprocessors\my_6213\lab1\mux_with_delays\mux_with_delays.xpr
# Log file: E:/class/Master of ANU/6213_Digital Systems and Microprocessors/my_6213/lab1/mux_with_delays/vivado.log
# Journal file: E:/class/Master of ANU/6213_Digital Systems and Microprocessors/my_6213/lab1/mux_with_delays\vivado.jou
#-----------------------------------------------------------
start_gui
open_project {E:/class/Master of ANU/6213_Digital Systems and Microprocessors/my_6213/lab1/mux_with_delays/mux_with_delays.xpr}
update_compile_order -fileset sources_1
launch_simulation
source TB_my_mux.tcl
close_sim
